2026-09-24 12:11:21 | INFO     | matinal | === SUBSISTEMA DE LOGGING MATINAL INICIALIZADO CORRECTAMENTE ===
2026-09-24 12:11:30 | INFO     | matinal.test | Prueba inicial
2026-09-24 12:22:50 | INFO     | matinal | === SUBSISTEMA DE LOGGING MATINAL INICIALIZADO CORRECTAMENTE ===
2026-09-24 12:23:24 | WARNING  | matinal.database | La tabla consultada no existe en el catálogo de SQLite. Retornando DataFrame vacío para: SELECT * FROM tabla_que_no_existe
2026-09-24 12:27:43 | INFO     | matinal | === SUBSISTEMA DE LOGGING MATINAL INICIALIZADO CORRECTAMENTE ===
2026-09-24 12:28:15 | WARNING  | matinal.database | La tabla consultada no existe en el catálogo de SQLite. Retornando DataFrame vacío para: SELECT * FROM parametros_marcas
2026-09-24 12:29:03 | WARNING  | matinal.database | La tabla consultada no existe en el catálogo de SQLite. Retornando DataFrame vacío para: SELECT * FROM parametros_marcas
2026-09-24 12:30:15 | WARNING  | matinal.database | La tabla consultada no existe en el catálogo de SQLite. Retornando DataFrame vacío para: SELECT * FROM ausencias
2026-09-24 12:30:40 | WARNING  | matinal.database | La tabla consultada no existe en el catálogo de SQLite. Retornando DataFrame vacío para: SELECT * FROM ausencias
2026-09-24 12:31:05 | WARNING  | matinal.database | La tabla consultada no existe en el catálogo de SQLite. Retornando DataFrame vacío para: SELECT * FROM ausencias
2026-09-24 12:31:59 | WARNING  | matinal.database | La tabla consultada no existe en el catálogo de SQLite. Retornando DataFrame vacío para: SELECT * FROM ausencias
2026-09-24 12:32:42 | WARNING  | matinal.database | La tabla consultada no existe en el catálogo de SQLite. Retornando DataFrame vacío para: SELECT * FROM ausencias
2026-09-24 12:33:34 | WARNING  | matinal.database | La tabla consultada no existe en el catálogo de SQLite. Retornando DataFrame vacío para: SELECT * FROM ausencias
2026-09-24 13:13:50 | WARNING  | matinal.database | La tabla consultada no existe en el catálogo de SQLite. Retornando DataFrame vacío para: SELECT * FROM parametros_marcas
2026-09-24 13:14:39 | WARNING  | matinal.database | La tabla consultada no existe en el catálogo de SQLite. Retornando DataFrame vacío para: SELECT * FROM parametros_marcas
2026-09-24 13:15:51 | WARNING  | matinal.database | La tabla consultada no existe en el catálogo de SQLite. Retornando DataFrame vacío para: SELECT * FROM ausencias
2026-09-24 13:16:17 | WARNING  | matinal.database | La tabla consultada no existe en el catálogo de SQLite. Retornando DataFrame vacío para: SELECT * FROM ausencias
2026-09-24 13:16:28 | WARNING  | matinal.database | La tabla consultada no existe en el catálogo de SQLite. Retornando DataFrame vacío para: SELECT * FROM ausencias
2026-09-24 13:17:14 | WARNING  | matinal.database | La tabla consultada no existe en el catálogo de SQLite. Retornando DataFrame vacío para: SELECT * FROM ausencias
2026-09-24 13:17:57 | WARNING  | matinal.database | La tabla consultada no existe en el catálogo de SQLite. Retornando DataFrame vacío para: SELECT * FROM ausencias
2026-09-24 13:18:50 | WARNING  | matinal.database | La tabla consultada no existe en el catálogo de SQLite. Retornando DataFrame vacío para: SELECT * FROM ausencias
2026-09-24 13:40:59 | WARNING  | matinal.database | La tabla consultada no existe en el catálogo de SQLite. Retornando DataFrame vacío para: SELECT * FROM ausencias
2026-09-24 13:42:05 | WARNING  | matinal.database | La tabla consultada no existe en el catálogo de SQLite. Retornando DataFrame vacío para: SELECT * FROM ausencias
2026-09-24 13:52:01 | WARNING  | matinal.database | La tabla consultada no existe en el catálogo de SQLite. Retornando DataFrame vacío para: SELECT * FROM ausencias
2026-09-24 13:52:25 | WARNING  | matinal.database | La tabla consultada no existe en el catálogo de SQLite. Retornando DataFrame vacío para: SELECT * FROM ausencias
2026-09-24 13:53:26 | WARNING  | matinal.database | La tabla consultada no existe en el catálogo de SQLite. Retornando DataFrame vacío para: SELECT * FROM ausencias
2026-09-24 13:56:04 | INFO     | matinal | === SUBSISTEMA DE LOGGING MATINAL INICIALIZADO CORRECTAMENTE ===
2026-09-24 13:58:18 | WARNING  | matinal.database | La tabla consultada no existe en el catálogo de SQLite. Retornando DataFrame vacío para: SELECT * FROM ausencias
2026-09-24 13:58:41 | WARNING  | matinal.database | La tabla consultada no existe en el catálogo de SQLite. Retornando DataFrame vacío para: SELECT * FROM ausencias
2026-09-24 13:59:06 | WARNING  | matinal.database | La tabla consultada no existe en el catálogo de SQLite. Retornando DataFrame vacío para: SELECT * FROM ausencias
2026-09-24 13:59:48 | WARNING  | matinal.database | La tabla consultada no existe en el catálogo de SQLite. Retornando DataFrame vacío para: SELECT * FROM ausencias
2026-09-24 14:00:02 | WARNING  | matinal.database | La tabla consultada no existe en el catálogo de SQLite. Retornando DataFrame vacío para: SELECT * FROM ausencias
2026-09-24 14:00:23 | WARNING  | matinal.database | La tabla consultada no existe en el catálogo de SQLite. Retornando DataFrame vacío para: SELECT * FROM ausencias
2026-09-24 14:12:20 | WARNING  | matinal.database | La tabla consultada no existe en el catálogo de SQLite. Retornando DataFrame vacío para: SELECT * FROM ausencias
2026-09-24 14:12:43 | WARNING  | matinal.database | La tabla consultada no existe en el catálogo de SQLite. Retornando DataFrame vacío para: SELECT * FROM ausencias
2026-09-24 14:13:06 | WARNING  | matinal.database | La tabla consultada no existe en el catálogo de SQLite. Retornando DataFrame vacío para: SELECT * FROM ausencias
2026-09-24 14:13:55 | WARNING  | matinal.database | La tabla consultada no existe en el catálogo de SQLite. Retornando DataFrame vacío para: SELECT * FROM ausencias
2026-09-24 14:14:34 | WARNING  | matinal.database | La tabla consultada no existe en el catálogo de SQLite. Retornando DataFrame vacío para: SELECT * FROM ausencias
2026-09-24 14:15:20 | WARNING  | matinal.database | La tabla consultada no existe en el catálogo de SQLite. Retornando DataFrame vacío para: SELECT * FROM ausencias
2026-09-24 14:19:21 | WARNING  | matinal.database | La tabla consultada no existe en el catálogo de SQLite. Retornando DataFrame vacío para: SELECT * FROM ausencias
2026-09-24 14:19:44 | WARNING  | matinal.database | La tabla consultada no existe en el catálogo de SQLite. Retornando DataFrame vacío para: SELECT * FROM ausencias
2026-09-24 14:20:49 | WARNING  | matinal.database | La tabla consultada no existe en el catálogo de SQLite. Retornando DataFrame vacío para: SELECT * FROM ausencias
2026-09-24 15:18:04 | WARNING  | matinal.database | La tabla consultada no existe en el catálogo de SQLite. Retornando DataFrame vacío para: SELECT * FROM ausencias
2026-09-24 15:19:10 | WARNING  | matinal.database | La tabla consultada no existe en el catálogo de SQLite. Retornando DataFrame vacío para: SELECT * FROM ausencias
2026-09-24 15:29:23 | INFO     | matinal | === SUBSISTEMA DE LOGGING MATINAL INICIALIZADO CORRECTAMENTE ===
2026-09-24 15:47:29 | WARNING  | matinal.database | La tabla consultada no existe en el catálogo de SQLite. Retornando DataFrame vacío para: SELECT * FROM ausencias
2026-09-24 15:48:36 | WARNING  | matinal.database | La tabla consultada no existe en el catálogo de SQLite. Retornando DataFrame vacío para: SELECT * FROM ausencias
2026-09-24 15:54:20 | WARNING  | matinal.database | La tabla consultada no existe en el catálogo de SQLite. Retornando DataFrame vacío para: SELECT * FROM ausencias
2026-09-24 15:55:21 | WARNING  | matinal.database | La tabla consultada no existe en el catálogo de SQLite. Retornando DataFrame vacío para: SELECT * FROM ausencias
2026-09-24 16:05:31 | WARNING  | matinal.database | La tabla consultada no existe en el catálogo de SQLite. Retornando DataFrame vacío para: SELECT * FROM ausencias
2026-09-24 16:06:40 | WARNING  | matinal.database | La tabla consultada no existe en el catálogo de SQLite. Retornando DataFrame vacío para: SELECT * FROM ausencias
2026-09-24 16:07:46 | WARNING  | matinal.database | La tabla consultada no existe en el catálogo de SQLite. Retornando DataFrame vacío para: SELECT * FROM ausencias
2026-09-24 16:07:50 | WARNING  | matinal.database | La tabla consultada no existe en el catálogo de SQLite. Retornando DataFrame vacío para: SELECT * FROM ausencias
2026-09-24 16:09:18 | WARNING  | matinal.database | La tabla consultada no existe en el catálogo de SQLite. Retornando DataFrame vacío para: SELECT * FROM ausencias
2026-09-24 16:32:38 | WARNING  | matinal.database | La tabla consultada no existe en el catálogo de SQLite. Retornando DataFrame vacío para: SELECT * FROM ausencias
2026-09-24 16:33:55 | WARNING  | matinal.database | La tabla consultada no existe en el catálogo de SQLite. Retornando DataFrame vacío para: SELECT * FROM ausencias
2026-09-24 17:05:53 | WARNING  | matinal.database | La tabla consultada no existe en el catálogo de SQLite. Retornando DataFrame vacío para: SELECT * FROM ausencias
2026-09-24 20:53:38 | WARNING  | matinal.database | La tabla consultada no existe en el catálogo de SQLite. Retornando DataFrame vacío para: SELECT * FROM ausencias
2026-09-24 20:55:51 | WARNING  | matinal.database | La tabla consultada no existe en el catálogo de SQLite. Retornando DataFrame vacío para: SELECT * FROM ausencias
2026-09-24 20:56:31 | WARNING  | matinal.database | La tabla consultada no existe en el catálogo de SQLite. Retornando DataFrame vacío para: SELECT * FROM ausencias
2026-09-24 20:58:42 | WARNING  | matinal.database | La tabla consultada no existe en el catálogo de SQLite. Retornando DataFrame vacío para: SELECT * FROM ausencias
2026-09-24 21:05:05 | WARNING  | matinal.database | La tabla consultada no existe en el catálogo de SQLite. Retornando DataFrame vacío para: SELECT * FROM ausencias
2026-09-24 21:05:51 | WARNING  | matinal.database | La tabla consultada no existe en el catálogo de SQLite. Retornando DataFrame vacío para: SELECT * FROM ausencias
2026-09-24 21:06:38 | WARNING  | matinal.database | La tabla consultada no existe en el catálogo de SQLite. Retornando DataFrame vacío para: SELECT * FROM ausencias
2026-09-24 21:08:20 | WARNING  | matinal.database | La tabla consultada no existe en el catálogo de SQLite. Retornando DataFrame vacío para: SELECT * FROM ausencias
2026-09-24 21:09:41 | WARNING  | matinal.database | La tabla consultada no existe en el catálogo de SQLite. Retornando DataFrame vacío para: SELECT * FROM ausencias
2026-09-24 21:11:16 | WARNING  | matinal.database | La tabla consultada no existe en el catálogo de SQLite. Retornando DataFrame vacío para: SELECT * FROM ausencias
2026-09-25 09:51:13 | WARNING  | matinal.database | La tabla consultada no existe en el catálogo de SQLite. Retornando DataFrame vacío para: SELECT * FROM ausencias
2026-09-25 09:51:37 | WARNING  | matinal.database | La tabla consultada no existe en el catálogo de SQLite. Retornando DataFrame vacío para: SELECT * FROM ausencias
2026-09-25 09:52:02 | WARNING  | matinal.database | La tabla consultada no existe en el catálogo de SQLite. Retornando DataFrame vacío para: SELECT * FROM ausencias
2026-09-25 09:52:53 | WARNING  | matinal.database | La tabla consultada no existe en el catálogo de SQLite. Retornando DataFrame vacío para: SELECT * FROM ausencias
2026-09-25 09:53:35 | WARNING  | matinal.database | La tabla consultada no existe en el catálogo de SQLite. Retornando DataFrame vacío para: SELECT * FROM ausencias
2026-09-25 09:54:25 | WARNING  | matinal.database | La tabla consultada no existe en el catálogo de SQLite. Retornando DataFrame vacío para: SELECT * FROM ausencias
2026-09-25 10:05:18 | WARNING  | matinal.database | La tabla consultada no existe en el catálogo de SQLite. Retornando DataFrame vacío para: SELECT * FROM ausencias
2026-09-25 10:05:41 | WARNING  | matinal.database | La tabla consultada no existe en el catálogo de SQLite. Retornando DataFrame vacío para: SELECT * FROM ausencias
2026-09-25 10:06:05 | WARNING  | matinal.database | La tabla consultada no existe en el catálogo de SQLite. Retornando DataFrame vacío para: SELECT * FROM ausencias
2026-09-25 10:06:56 | WARNING  | matinal.database | La tabla consultada no existe en el catálogo de SQLite. Retornando DataFrame vacío para: SELECT * FROM ausencias
2026-09-25 10:07:34 | WARNING  | matinal.database | La tabla consultada no existe en el catálogo de SQLite. Retornando DataFrame vacío para: SELECT * FROM ausencias
2026-09-25 10:08:21 | WARNING  | matinal.database | La tabla consultada no existe en el catálogo de SQLite. Retornando DataFrame vacío para: SELECT * FROM ausencias
2026-09-25 11:00:30 | INFO     | matinal | === SUBSISTEMA DE LOGGING MATINAL INICIALIZADO CORRECTAMENTE ===
2026-09-25 11:02:52 | WARNING  | matinal.database | La tabla consultada no existe en el catálogo de SQLite. Retornando DataFrame vacío para: SELECT * FROM ausencias
2026-09-25 11:03:15 | WARNING  | matinal.database | La tabla consultada no existe en el catálogo de SQLite. Retornando DataFrame vacío para: SELECT * FROM ausencias
2026-09-25 11:03:38 | WARNING  | matinal.database | La tabla consultada no existe en el catálogo de SQLite. Retornando DataFrame vacío para: SELECT * FROM ausencias
2026-09-25 11:04:27 | WARNING  | matinal.database | La tabla consultada no existe en el catálogo de SQLite. Retornando DataFrame vacío para: SELECT * FROM ausencias
2026-09-25 11:05:05 | WARNING  | matinal.database | La tabla consultada no existe en el catálogo de SQLite. Retornando DataFrame vacío para: SELECT * FROM ausencias
2026-09-25 11:05:47 | WARNING  | matinal.database | La tabla consultada no existe en el catálogo de SQLite. Retornando DataFrame vacío para: SELECT * FROM ausencias
2026-09-25 11:11:45 | WARNING  | matinal.database | CARGANDO TABLA: altas
2026-09-25 11:11:46 | WARNING  | matinal.database | CARGANDO TABLA: rutas
2026-09-25 11:11:57 | WARNING  | matinal.database | CARGANDO TABLA: tp
2026-09-25 11:11:57 | WARNING  | matinal.database | DETECTADA CARGA ESPECIAL TP: tp
2026-09-25 11:12:00 | WARNING  | matinal.database | CARGANDO TABLA: universo
2026-09-25 11:12:02 | WARNING  | matinal.database | CARGANDO TABLA: vta
2026-09-25 11:16:54 | WARNING  | matinal.database | La tabla consultada no existe en el catálogo de SQLite. Retornando DataFrame vacío para: SELECT * FROM ausencias
2026-09-25 11:17:59 | WARNING  | matinal.database | La tabla consultada no existe en el catálogo de SQLite. Retornando DataFrame vacío para: SELECT * FROM ausencias
2026-09-25 11:32:05 | INFO     | matinal | === SUBSISTEMA DE LOGGING MATINAL INICIALIZADO CORRECTAMENTE ===
2026-09-25 12:26:10 | WARNING  | matinal.database | La tabla consultada no existe en el catálogo de SQLite. Retornando DataFrame vacío para: SELECT * FROM ausencias
2026-09-25 12:27:16 | WARNING  | matinal.database | La tabla consultada no existe en el catálogo de SQLite. Retornando DataFrame vacío para: SELECT * FROM ausencias
2026-09-25 12:37:27 | WARNING  | matinal.database | La tabla consultada no existe en el catálogo de SQLite. Retornando DataFrame vacío para: SELECT * FROM ausencias
2026-09-25 12:38:32 | WARNING  | matinal.database | La tabla consultada no existe en el catálogo de SQLite. Retornando DataFrame vacío para: SELECT * FROM ausencias
2026-09-25 12:40:02 | WARNING  | matinal.database | La tabla consultada no existe en el catálogo de SQLite. Retornando DataFrame vacío para: SELECT * FROM ausencias
2026-09-25 12:40:03 | WARNING  | matinal.database | La tabla consultada no existe en el catálogo de SQLite. Retornando DataFrame vacío para: SELECT * FROM ausencias
2026-09-25 12:40:14 | WARNING  | matinal.database | La tabla consultada no existe en el catálogo de SQLite. Retornando DataFrame vacío para: SELECT * FROM ausencias
2026-09-25 12:40:16 | WARNING  | matinal.database | La tabla consultada no existe en el catálogo de SQLite. Retornando DataFrame vacío para: SELECT * FROM ausencias
2026-09-25 12:42:25 | WARNING  | matinal.database | La tabla consultada no existe en el catálogo de SQLite. Retornando DataFrame vacío para: SELECT * FROM ausencias
2026-09-25 12:43:04 | WARNING  | matinal.database | La tabla consultada no existe en el catálogo de SQLite. Retornando DataFrame vacío para: SELECT * FROM ausencias
2026-09-25 12:43:06 | WARNING  | matinal.database | La tabla consultada no existe en el catálogo de SQLite. Retornando DataFrame vacío para: SELECT * FROM ausencias
2026-09-25 12:43:13 | WARNING  | matinal.database | La tabla consultada no existe en el catálogo de SQLite. Retornando DataFrame vacío para: SELECT * FROM ausencias
2026-09-25 12:45:05 | WARNING  | matinal.database | La tabla consultada no existe en el catálogo de SQLite. Retornando DataFrame vacío para: SELECT * FROM ausencias
2026-09-25 13:10:00 | WARNING  | matinal.database | La tabla consultada no existe en el catálogo de SQLite. Retornando DataFrame vacío para: SELECT * FROM ausencias
2026-09-25 13:11:06 | WARNING  | matinal.database | La tabla consultada no existe en el catálogo de SQLite. Retornando DataFrame vacío para: SELECT * FROM ausencias
2026-09-25 13:14:55 | WARNING  | matinal.database | La tabla consultada no existe en el catálogo de SQLite. Retornando DataFrame vacío para: SELECT * FROM ausencias
2026-09-25 13:14:56 | WARNING  | matinal.database | La tabla consultada no existe en el catálogo de SQLite. Retornando DataFrame vacío para: SELECT * FROM ausencias
2026-09-25 13:14:57 | WARNING  | matinal.database | La tabla consultada no existe en el catálogo de SQLite. Retornando DataFrame vacío para: SELECT * FROM ausencias
2026-09-25 13:16:58 | WARNING  | matinal.database | La tabla consultada no existe en el catálogo de SQLite. Retornando DataFrame vacío para: SELECT * FROM ausencias
2026-09-25 13:24:37 | WARNING  | matinal.database | La tabla consultada no existe en el catálogo de SQLite. Retornando DataFrame vacío para: SELECT * FROM ausencias
2026-09-25 13:26:40 | WARNING  | matinal.database | La tabla consultada no existe en el catálogo de SQLite. Retornando DataFrame vacío para: SELECT * FROM ausencias
2026-09-25 13:30:26 | WARNING  | matinal.database | La tabla consultada no existe en el catálogo de SQLite. Retornando DataFrame vacío para: SELECT * FROM ausencias
2026-09-25 13:30:32 | WARNING  | matinal.database | La tabla consultada no existe en el catálogo de SQLite. Retornando DataFrame vacío para: SELECT * FROM ausencias
2026-09-25 13:33:29 | WARNING  | matinal.database | La tabla consultada no existe en el catálogo de SQLite. Retornando DataFrame vacío para: SELECT * FROM ausencias
2026-09-25 14:01:09 | WARNING  | matinal.database | La tabla consultada no existe en el catálogo de SQLite. Retornando DataFrame vacío para: SELECT * FROM ausencias
2026-09-25 14:03:33 | WARNING  | matinal.database | La tabla consultada no existe en el catálogo de SQLite. Retornando DataFrame vacío para: SELECT * FROM ausencias
2026-09-25 14:04:00 | WARNING  | matinal.database | La tabla consultada no existe en el catálogo de SQLite. Retornando DataFrame vacío para: SELECT * FROM ausencias
2026-09-25 14:04:24 | WARNING  | matinal.database | La tabla consultada no existe en el catálogo de SQLite. Retornando DataFrame vacío para: SELECT * FROM ausencias
2026-09-25 14:05:17 | WARNING  | matinal.database | La tabla consultada no existe en el catálogo de SQLite. Retornando DataFrame vacío para: SELECT * FROM ausencias
2026-09-25 14:06:02 | WARNING  | matinal.database | La tabla consultada no existe en el catálogo de SQLite. Retornando DataFrame vacío para: SELECT * FROM ausencias
2026-09-25 14:06:50 | WARNING  | matinal.database | La tabla consultada no existe en el catálogo de SQLite. Retornando DataFrame vacío para: SELECT * FROM ausencias
2026-09-25 14:45:27 | WARNING  | matinal.database | La tabla consultada no existe en el catálogo de SQLite. Retornando DataFrame vacío para: SELECT * FROM ausencias
2026-09-25 14:46:31 | WARNING  | matinal.database | La tabla consultada no existe en el catálogo de SQLite. Retornando DataFrame vacío para: SELECT * FROM ausencias
2026-09-25 15:01:39 | WARNING  | matinal.database | La tabla consultada no existe en el catálogo de SQLite. Retornando DataFrame vacío para: SELECT * FROM ausencias
2026-09-25 15:03:03 | WARNING  | matinal.database | La tabla consultada no existe en el catálogo de SQLite. Retornando DataFrame vacío para: SELECT * FROM ausencias
2026-09-25 15:14:04 | WARNING  | matinal.database | La tabla consultada no existe en el catálogo de SQLite. Retornando DataFrame vacío para: SELECT * FROM ausencias
2026-09-25 15:15:03 | WARNING  | matinal.database | La tabla consultada no existe en el catálogo de SQLite. Retornando DataFrame vacío para: SELECT * FROM ausencias
2026-09-25 15:24:02 | WARNING  | matinal.database | La tabla consultada no existe en el catálogo de SQLite. Retornando DataFrame vacío para: SELECT * FROM ausencias
2026-09-25 15:25:08 | WARNING  | matinal.database | La tabla consultada no existe en el catálogo de SQLite. Retornando DataFrame vacío para: SELECT * FROM ausencias
2026-09-25 15:25:43 | WARNING  | matinal.database | La tabla consultada no existe en el catálogo de SQLite. Retornando DataFrame vacío para: SELECT * FROM ausencias
2026-09-25 15:26:41 | WARNING  | matinal.database | La tabla consultada no existe en el catálogo de SQLite. Retornando DataFrame vacío para: SELECT * FROM ausencias
2026-09-25 15:37:55 | WARNING  | matinal.database | La tabla consultada no existe en el catálogo de SQLite. Retornando DataFrame vacío para: SELECT * FROM ausencias
2026-09-25 15:38:56 | WARNING  | matinal.database | La tabla consultada no existe en el catálogo de SQLite. Retornando DataFrame vacío para: SELECT * FROM ausencias
2026-09-25 15:40:26 | WARNING  | matinal.database | La tabla consultada no existe en el catálogo de SQLite. Retornando DataFrame vacío para: SELECT * FROM ausencias
2026-09-25 15:41:10 | WARNING  | matinal.database | La tabla consultada no existe en el catálogo de SQLite. Retornando DataFrame vacío para: SELECT * FROM ausencias
2026-09-25 15:44:13 | WARNING  | matinal.database | La tabla consultada no existe en el catálogo de SQLite. Retornando DataFrame vacío para: SELECT * FROM ausencias
2026-09-25 15:44:43 | WARNING  | matinal.database | La tabla consultada no existe en el catálogo de SQLite. Retornando DataFrame vacío para: SELECT * FROM ausencias
2026-09-25 15:51:10 | WARNING  | matinal.database | La tabla consultada no existe en el catálogo de SQLite. Retornando DataFrame vacío para: SELECT * FROM ausencias
2026-09-25 15:51:43 | WARNING  | matinal.database | La tabla consultada no existe en el catálogo de SQLite. Retornando DataFrame vacío para: SELECT * FROM ausencias
2026-09-25 15:52:16 | WARNING  | matinal.database | La tabla consultada no existe en el catálogo de SQLite. Retornando DataFrame vacío para: SELECT * FROM ausencias
2026-09-25 15:52:45 | WARNING  | matinal.database | La tabla consultada no existe en el catálogo de SQLite. Retornando DataFrame vacío para: SELECT * FROM ausencias
2026-09-25 15:53:16 | WARNING  | matinal.database | La tabla consultada no existe en el catálogo de SQLite. Retornando DataFrame vacío para: SELECT * FROM ausencias
2026-09-25 15:53:47 | WARNING  | matinal.database | La tabla consultada no existe en el catálogo de SQLite. Retornando DataFrame vacío para: SELECT * FROM ausencias
2026-09-25 18:54:07 | WARNING  | matinal.database | La tabla consultada no existe en el catálogo de SQLite. Retornando DataFrame vacío para: SELECT * FROM ausencias
2026-09-25 18:54:36 | WARNING  | matinal.database | La tabla consultada no existe en el catálogo de SQLite. Retornando DataFrame vacío para: SELECT * FROM ausencias
2026-09-25 18:58:27 | WARNING  | matinal.database | La tabla consultada no existe en el catálogo de SQLite. Retornando DataFrame vacío para: SELECT * FROM ausencias
2026-09-25 18:58:52 | WARNING  | matinal.database | La tabla consultada no existe en el catálogo de SQLite. Retornando DataFrame vacío para: SELECT * FROM ausencias
2026-09-25 18:59:12 | WARNING  | matinal.database | La tabla consultada no existe en el catálogo de SQLite. Retornando DataFrame vacío para: SELECT * FROM ausencias
2026-09-25 19:00:07 | WARNING  | matinal.database | La tabla consultada no existe en el catálogo de SQLite. Retornando DataFrame vacío para: SELECT * FROM ausencias
2026-09-25 19:00:37 | WARNING  | matinal.database | La tabla consultada no existe en el catálogo de SQLite. Retornando DataFrame vacío para: SELECT * FROM ausencias
2026-09-25 19:01:03 | WARNING  | matinal.database | La tabla consultada no existe en el catálogo de SQLite. Retornando DataFrame vacío para: SELECT * FROM ausencias
2026-09-25 19:03:40 | WARNING  | matinal.database | CARGANDO TABLA: altas
2026-09-25 19:03:40 | WARNING  | matinal.database | CARGANDO TABLA: rutas
2026-09-25 19:03:50 | WARNING  | matinal.database | CARGANDO TABLA: tp
2026-09-25 19:03:50 | WARNING  | matinal.database | DETECTADA CARGA ESPECIAL TP: tp
2026-09-25 19:03:51 | WARNING  | matinal.database | CARGANDO TABLA: universo
2026-09-25 19:03:52 | WARNING  | matinal.database | CARGANDO TABLA: vta
2026-09-25 19:07:14 | WARNING  | matinal.database | La tabla consultada no existe en el catálogo de SQLite. Retornando DataFrame vacío para: SELECT * FROM ausencias
2026-09-25 19:07:27 | WARNING  | matinal.database | La tabla consultada no existe en el catálogo de SQLite. Retornando DataFrame vacío para: SELECT * FROM ausencias
2026-09-25 19:07:41 | WARNING  | matinal.database | La tabla consultada no existe en el catálogo de SQLite. Retornando DataFrame vacío para: SELECT * FROM ausencias
2026-09-25 19:08:18 | WARNING  | matinal.database | La tabla consultada no existe en el catálogo de SQLite. Retornando DataFrame vacío para: SELECT * FROM ausencias
2026-09-25 19:08:39 | WARNING  | matinal.database | La tabla consultada no existe en el catálogo de SQLite. Retornando DataFrame vacío para: SELECT * FROM ausencias
2026-09-25 19:09:11 | WARNING  | matinal.database | La tabla consultada no existe en el catálogo de SQLite. Retornando DataFrame vacío para: SELECT * FROM ausencias
2026-09-25 19:24:43 | WARNING  | matinal.database | La tabla consultada no existe en el catálogo de SQLite. Retornando DataFrame vacío para: SELECT * FROM ausencias
2026-09-25 19:25:08 | WARNING  | matinal.database | La tabla consultada no existe en el catálogo de SQLite. Retornando DataFrame vacío para: SELECT * FROM ausencias
2026-09-25 19:25:33 | WARNING  | matinal.database | La tabla consultada no existe en el catálogo de SQLite. Retornando DataFrame vacío para: SELECT * FROM ausencias
2026-09-25 19:27:14 | WARNING  | matinal.database | La tabla consultada no existe en el catálogo de SQLite. Retornando DataFrame vacío para: SELECT * FROM ausencias
2026-09-25 19:28:35 | WARNING  | matinal.database | La tabla consultada no existe en el catálogo de SQLite. Retornando DataFrame vacío para: SELECT * FROM ausencias
2026-09-25 19:30:10 | WARNING  | matinal.database | La tabla consultada no existe en el catálogo de SQLite. Retornando DataFrame vacío para: SELECT * FROM ausencias
2026-09-25 19:43:19 | WARNING  | matinal.database | CARGANDO TABLA: altas
2026-09-25 19:43:20 | WARNING  | matinal.database | CARGANDO TABLA: rutas
2026-09-25 19:43:30 | WARNING  | matinal.database | CARGANDO TABLA: tp
2026-09-25 19:43:30 | WARNING  | matinal.database | DETECTADA CARGA ESPECIAL TP: tp
2026-09-25 19:43:31 | WARNING  | matinal.database | CARGANDO TABLA: universo
2026-09-25 19:43:32 | WARNING  | matinal.database | CARGANDO TABLA: vta
2026-09-25 19:46:39 | WARNING  | matinal.database | La tabla consultada no existe en el catálogo de SQLite. Retornando DataFrame vacío para: SELECT * FROM ausencias
2026-09-25 19:47:19 | WARNING  | matinal.database | La tabla consultada no existe en el catálogo de SQLite. Retornando DataFrame vacío para: SELECT * FROM ausencias
2026-09-25 20:20:25 | WARNING  | matinal.database | CARGANDO TABLA: altas
2026-09-25 20:20:26 | WARNING  | matinal.database | CARGANDO TABLA: rutas
2026-09-25 20:20:33 | WARNING  | matinal.database | CARGANDO TABLA: tp
2026-09-25 20:20:33 | WARNING  | matinal.database | DETECTADA CARGA ESPECIAL TP: tp
2026-09-25 20:20:35 | WARNING  | matinal.database | CARGANDO TABLA: universo
2026-09-25 20:20:36 | WARNING  | matinal.database | CARGANDO TABLA: vta
2026-09-25 20:23:42 | WARNING  | matinal.database | La tabla consultada no existe en el catálogo de SQLite. Retornando DataFrame vacío para: SELECT * FROM ausencias
2026-09-25 20:24:30 | WARNING  | matinal.database | La tabla consultada no existe en el catálogo de SQLite. Retornando DataFrame vacío para: SELECT * FROM ausencias
2026-09-25 20:25:12 | WARNING  | matinal.database | La tabla consultada no existe en el catálogo de SQLite. Retornando DataFrame vacío para: SELECT * FROM ausencias
2026-09-25 20:25:33 | WARNING  | matinal.database | La tabla consultada no existe en el catálogo de SQLite. Retornando DataFrame vacío para: SELECT * FROM ausencias
2026-09-25 21:14:18 | WARNING  | matinal.database | La tabla consultada no existe en el catálogo de SQLite. Retornando DataFrame vacío para: SELECT * FROM ausencias
2026-09-25 21:16:38 | WARNING  | matinal.database | La tabla consultada no existe en el catálogo de SQLite. Retornando DataFrame vacío para: SELECT * FROM ausencias
2026-09-25 21:17:51 | WARNING  | matinal.database | La tabla consultada no existe en el catálogo de SQLite. Retornando DataFrame vacío para: SELECT * FROM ausencias
2026-09-25 21:18:53 | WARNING  | matinal.database | La tabla consultada no existe en el catálogo de SQLite. Retornando DataFrame vacío para: SELECT * FROM ausencias
2026-09-25 21:19:36 | WARNING  | matinal.database | La tabla consultada no existe en el catálogo de SQLite. Retornando DataFrame vacío para: SELECT * FROM ausencias
2026-09-25 21:19:38 | WARNING  | matinal.database | La tabla consultada no existe en el catálogo de SQLite. Retornando DataFrame vacío para: SELECT * FROM ausencias
2026-09-25 21:21:24 | WARNING  | matinal.database | La tabla consultada no existe en el catálogo de SQLite. Retornando DataFrame vacío para: SELECT * FROM ausencias
2026-09-25 21:21:55 | WARNING  | matinal.database | La tabla consultada no existe en el catálogo de SQLite. Retornando DataFrame vacío para: SELECT * FROM ausencias
2026-09-25 21:22:58 | WARNING  | matinal.database | La tabla consultada no existe en el catálogo de SQLite. Retornando DataFrame vacío para: SELECT * FROM ausencias
2026-09-25 21:28:50 | INFO     | matinal | === SUBSISTEMA DE LOGGING MATINAL INICIALIZADO CORRECTAMENTE ===
2026-09-25 21:30:20 | WARNING  | matinal.database | La tabla consultada no existe en el catálogo de SQLite. Retornando DataFrame vacío para: SELECT * FROM ausencias
2026-09-25 21:30:34 | WARNING  | matinal.database | La tabla consultada no existe en el catálogo de SQLite. Retornando DataFrame vacío para: SELECT * FROM ausencias
2026-09-25 21:30:47 | WARNING  | matinal.database | La tabla consultada no existe en el catálogo de SQLite. Retornando DataFrame vacío para: SELECT * FROM ausencias
2026-09-25 21:31:16 | WARNING  | matinal.database | La tabla consultada no existe en el catálogo de SQLite. Retornando DataFrame vacío para: SELECT * FROM ausencias
2026-09-25 21:31:36 | WARNING  | matinal.database | La tabla consultada no existe en el catálogo de SQLite. Retornando DataFrame vacío para: SELECT * FROM ausencias
2026-09-25 21:32:02 | WARNING  | matinal.database | La tabla consultada no existe en el catálogo de SQLite. Retornando DataFrame vacío para: SELECT * FROM ausencias
2026-09-25 21:38:15 | WARNING  | matinal.database | La tabla consultada no existe en el catálogo de SQLite. Retornando DataFrame vacío para: SELECT * FROM ausencias
2026-09-25 21:38:28 | WARNING  | matinal.database | La tabla consultada no existe en el catálogo de SQLite. Retornando DataFrame vacío para: SELECT * FROM ausencias
2026-09-25 21:38:40 | WARNING  | matinal.database | La tabla consultada no existe en el catálogo de SQLite. Retornando DataFrame vacío para: SELECT * FROM ausencias
2026-09-25 21:39:08 | WARNING  | matinal.database | La tabla consultada no existe en el catálogo de SQLite. Retornando DataFrame vacío para: SELECT * FROM ausencias
2026-09-25 21:39:27 | WARNING  | matinal.database | La tabla consultada no existe en el catálogo de SQLite. Retornando DataFrame vacío para: SELECT * FROM ausencias
2026-09-25 21:39:52 | WARNING  | matinal.database | La tabla consultada no existe en el catálogo de SQLite. Retornando DataFrame vacío para: SELECT * FROM ausencias
2026-09-25 21:40:28 | WARNING  | matinal.database | La tabla consultada no existe en el catálogo de SQLite. Retornando DataFrame vacío para: SELECT * FROM ausencias
2026-09-25 21:40:30 | WARNING  | matinal.database | La tabla consultada no existe en el catálogo de SQLite. Retornando DataFrame vacío para: SELECT * FROM ausencias
2026-09-25 21:42:03 | WARNING  | matinal.database | La tabla consultada no existe en el catálogo de SQLite. Retornando DataFrame vacío para: SELECT * FROM ausencias
2026-09-25 21:48:48 | WARNING  | matinal.database | La tabla consultada no existe en el catálogo de SQLite. Retornando DataFrame vacío para: SELECT * FROM ausencias
2026-09-25 21:50:01 | INFO     | matinal | === SUBSISTEMA DE LOGGING MATINAL INICIALIZADO CORRECTAMENTE ===
2026-09-25 21:51:32 | WARNING  | matinal.database | La tabla consultada no existe en el catálogo de SQLite. Retornando DataFrame vacío para: SELECT * FROM ausencias
2026-09-25 21:51:45 | WARNING  | matinal.database | La tabla consultada no existe en el catálogo de SQLite. Retornando DataFrame vacío para: SELECT * FROM ausencias
2026-09-25 21:51:59 | WARNING  | matinal.database | La tabla consultada no existe en el catálogo de SQLite. Retornando DataFrame vacío para: SELECT * FROM ausencias
2026-09-25 21:52:31 | WARNING  | matinal.database | La tabla consultada no existe en el catálogo de SQLite. Retornando DataFrame vacío para: SELECT * FROM ausencias
2026-09-25 21:52:53 | WARNING  | matinal.database | La tabla consultada no existe en el catálogo de SQLite. Retornando DataFrame vacío para: SELECT * FROM ausencias
2026-09-25 21:53:23 | WARNING  | matinal.database | La tabla consultada no existe en el catálogo de SQLite. Retornando DataFrame vacío para: SELECT * FROM ausencias
2026-09-25 21:56:44 | WARNING  | matinal.database | La tabla consultada no existe en el catálogo de SQLite. Retornando DataFrame vacío para: SELECT * FROM ausencias
2026-09-25 21:57:08 | WARNING  | matinal.database | La tabla consultada no existe en el catálogo de SQLite. Retornando DataFrame vacío para: SELECT * FROM ausencias
2026-09-25 21:57:33 | WARNING  | matinal.database | La tabla consultada no existe en el catálogo de SQLite. Retornando DataFrame vacío para: SELECT * FROM ausencias
2026-09-25 21:58:26 | WARNING  | matinal.database | La tabla consultada no existe en el catálogo de SQLite. Retornando DataFrame vacío para: SELECT * FROM ausencias
2026-09-25 21:59:06 | WARNING  | matinal.database | La tabla consultada no existe en el catálogo de SQLite. Retornando DataFrame vacío para: SELECT * FROM ausencias
2026-09-25 21:59:56 | WARNING  | matinal.database | La tabla consultada no existe en el catálogo de SQLite. Retornando DataFrame vacío para: SELECT * FROM ausencias
2026-09-25 22:00:35 | WARNING  | matinal.database | La tabla consultada no existe en el catálogo de SQLite. Retornando DataFrame vacío para: SELECT * FROM ausencias
2026-09-25 22:00:36 | WARNING  | matinal.database | La tabla consultada no existe en el catálogo de SQLite. Retornando DataFrame vacío para: SELECT * FROM ausencias
2026-09-25 22:02:15 | WARNING  | matinal.database | La tabla consultada no existe en el catálogo de SQLite. Retornando DataFrame vacío para: SELECT * FROM ausencias
2026-09-25 22:02:56 | WARNING  | matinal.database | La tabla consultada no existe en el catálogo de SQLite. Retornando DataFrame vacío para: SELECT * FROM ausencias
2026-09-25 22:04:08 | WARNING  | matinal.database | La tabla consultada no existe en el catálogo de SQLite. Retornando DataFrame vacío para: SELECT * FROM ausencias
2026-09-25 22:07:06 | WARNING  | matinal.database | La tabla consultada no existe en el catálogo de SQLite. Retornando DataFrame vacío para: SELECT * FROM ausencias
2026-09-25 22:08:14 | WARNING  | matinal.database | La tabla consultada no existe en el catálogo de SQLite. Retornando DataFrame vacío para: SELECT * FROM ausencias
2026-09-25 22:12:49 | WARNING  | matinal.database | La tabla consultada no existe en el catálogo de SQLite. Retornando DataFrame vacío para: SELECT * FROM ausencias
2026-09-25 22:12:52 | WARNING  | matinal.database | La tabla consultada no existe en el catálogo de SQLite. Retornando DataFrame vacío para: SELECT * FROM ausencias
2026-09-25 22:14:21 | WARNING  | matinal.database | La tabla consultada no existe en el catálogo de SQLite. Retornando DataFrame vacío para: SELECT * FROM ausencias
2026-09-25 22:16:44 | WARNING  | matinal.database | La tabla consultada no existe en el catálogo de SQLite. Retornando DataFrame vacío para: SELECT * FROM ausencias
2026-09-25 22:17:52 | WARNING  | matinal.database | La tabla consultada no existe en el catálogo de SQLite. Retornando DataFrame vacío para: SELECT * FROM ausencias
2026-09-26 10:38:27 | INFO     | matinal | === SUBSISTEMA DE LOGGING MATINAL INICIALIZADO CORRECTAMENTE ===
2026-09-26 10:43:08 | WARNING  | matinal.database | La tabla consultada no existe en el catálogo de SQLite. Retornando DataFrame vacío para: SELECT * FROM ausencias
2026-09-26 10:43:54 | WARNING  | matinal.database | La tabla consultada no existe en el catálogo de SQLite. Retornando DataFrame vacío para: SELECT * FROM ausencias
2026-09-26 10:44:41 | WARNING  | matinal.database | La tabla consultada no existe en el catálogo de SQLite. Retornando DataFrame vacío para: SELECT * FROM ausencias
2026-09-26 10:46:23 | WARNING  | matinal.database | La tabla consultada no existe en el catálogo de SQLite. Retornando DataFrame vacío para: SELECT * FROM ausencias
2026-09-26 10:47:43 | WARNING  | matinal.database | La tabla consultada no existe en el catálogo de SQLite. Retornando DataFrame vacío para: SELECT * FROM ausencias
2026-09-26 10:49:20 | WARNING  | matinal.database | La tabla consultada no existe en el catálogo de SQLite. Retornando DataFrame vacío para: SELECT * FROM ausencias
2026-09-26 11:05:13 | WARNING  | matinal.database | CARGANDO TABLA: altas
2026-09-26 11:05:13 | WARNING  | matinal.database | CARGANDO TABLA: rutas
2026-09-26 11:05:20 | WARNING  | matinal.database | CARGANDO TABLA: tp
2026-09-26 11:05:20 | WARNING  | matinal.database | DETECTADA CARGA ESPECIAL TP: tp
2026-09-26 11:05:21 | WARNING  | matinal.database | CARGANDO TABLA: universo
2026-09-26 11:05:23 | WARNING  | matinal.database | CARGANDO TABLA: vta
2026-09-26 11:08:51 | WARNING  | matinal.database | La tabla consultada no existe en el catálogo de SQLite. Retornando DataFrame vacío para: SELECT * FROM ausencias
2026-09-26 11:09:32 | WARNING  | matinal.database | La tabla consultada no existe en el catálogo de SQLite. Retornando DataFrame vacío para: SELECT * FROM ausencias
2026-09-26 11:11:02 | WARNING  | matinal.database | La tabla consultada no existe en el catálogo de SQLite. Retornando DataFrame vacío para: SELECT * FROM ausencias
2026-09-26 11:13:10 | WARNING  | matinal.database | La tabla consultada no existe en el catálogo de SQLite. Retornando DataFrame vacío para: SELECT * FROM ausencias
2026-09-26 11:24:12 | WARNING  | matinal.database | La tabla consultada no existe en el catálogo de SQLite. Retornando DataFrame vacío para: SELECT * FROM ausencias
2026-09-26 11:24:47 | WARNING  | matinal.database | La tabla consultada no existe en el catálogo de SQLite. Retornando DataFrame vacío para: SELECT * FROM ausencias
2026-09-26 11:25:39 | WARNING  | matinal.database | La tabla consultada no existe en el catálogo de SQLite. Retornando DataFrame vacío para: SELECT * FROM ausencias
2026-09-26 11:26:38 | WARNING  | matinal.database | La tabla consultada no existe en el catálogo de SQLite. Retornando DataFrame vacío para: SELECT * FROM ausencias
2026-09-26 11:47:42 | WARNING  | matinal.database | La tabla consultada no existe en el catálogo de SQLite. Retornando DataFrame vacío para: SELECT * FROM ausencias
2026-09-26 11:48:41 | WARNING  | matinal.database | La tabla consultada no existe en el catálogo de SQLite. Retornando DataFrame vacío para: SELECT * FROM ausencias
2026-09-26 11:53:30 | WARNING  | matinal.database | La tabla consultada no existe en el catálogo de SQLite. Retornando DataFrame vacío para: SELECT * FROM ausencias
2026-09-26 11:54:32 | WARNING  | matinal.database | La tabla consultada no existe en el catálogo de SQLite. Retornando DataFrame vacío para: SELECT * FROM ausencias
2026-09-26 12:05:48 | WARNING  | matinal.database | La tabla consultada no existe en el catálogo de SQLite. Retornando DataFrame vacío para: SELECT * FROM ausencias
2026-09-26 12:06:02 | WARNING  | matinal.database | La tabla consultada no existe en el catálogo de SQLite. Retornando DataFrame vacío para: SELECT * FROM ausencias
2026-09-26 12:06:39 | WARNING  | matinal.database | La tabla consultada no existe en el catálogo de SQLite. Retornando DataFrame vacío para: SELECT * FROM ausencias
2026-09-26 15:15:34 | WARNING  | matinal.database | La tabla consultada no existe en el catálogo de SQLite. Retornando DataFrame vacío para: SELECT * FROM ausencias
2026-09-26 15:17:35 | WARNING  | matinal.database | La tabla consultada no existe en el catálogo de SQLite. Retornando DataFrame vacío para: SELECT * FROM ausencias
2026-09-26 16:13:30 | WARNING  | matinal.database | La tabla consultada no existe en el catálogo de SQLite. Retornando DataFrame vacío para: SELECT * FROM ausencias
2026-09-26 16:15:16 | WARNING  | matinal.database | La tabla consultada no existe en el catálogo de SQLite. Retornando DataFrame vacío para: SELECT * FROM ausencias
2026-09-26 19:26:46 | INFO     | matinal | === SUBSISTEMA DE LOGGING MATINAL INICIALIZADO CORRECTAMENTE ===
2026-09-26 19:50:27 | INFO     | matinal | === SUBSISTEMA DE LOGGING MATINAL INICIALIZADO CORRECTAMENTE ===
2026-09-26 19:54:13 | INFO     | matinal | === SUBSISTEMA DE LOGGING MATINAL INICIALIZADO CORRECTAMENTE ===
2026-09-26 19:54:26 | WARNING  | matinal.database | La tabla consultada no existe en el catálogo de SQLite. Retornando DataFrame vacío para: SELECT * FROM ausencias
2026-09-26 20:19:35 | INFO     | matinal | === SUBSISTEMA DE LOGGING MATINAL INICIALIZADO CORRECTAMENTE ===
2026-09-26 20:19:57 | WARNING  | matinal.database | La tabla consultada no existe en el catálogo de SQLite. Retornando DataFrame vacío para: SELECT * FROM ausencias
2026-09-26 20:20:17 | INFO     | matinal | === SUBSISTEMA DE LOGGING MATINAL INICIALIZADO CORRECTAMENTE ===
2026-09-26 20:20:45 | WARNING  | matinal.database | La tabla consultada no existe en el catálogo de SQLite. Retornando DataFrame vacío para: SELECT * FROM ausencias
2026-09-26 20:35:31 | INFO     | matinal | === SUBSISTEMA DE LOGGING MATINAL INICIALIZADO CORRECTAMENTE ===
2026-09-26 20:37:18 | WARNING  | matinal.database | La tabla consultada no existe en el catálogo de SQLite. Retornando DataFrame vacío para: SELECT * FROM ausencias
2026-09-26 20:40:28 | INFO     | matinal | === SUBSISTEMA DE LOGGING MATINAL INICIALIZADO CORRECTAMENTE ===
2026-09-26 20:41:43 | INFO     | matinal | === SUBSISTEMA DE LOGGING MATINAL INICIALIZADO CORRECTAMENTE ===
2026-09-26 20:41:57 | WARNING  | matinal.database | La tabla consultada no existe en el catálogo de SQLite. Retornando DataFrame vacío para: SELECT * FROM ausencias
2026-09-26 20:44:31 | INFO     | matinal | === SUBSISTEMA DE LOGGING MATINAL INICIALIZADO CORRECTAMENTE ===
2026-09-26 20:44:54 | WARNING  | matinal.database | La tabla consultada no existe en el catálogo de SQLite. Retornando DataFrame vacío para: SELECT * FROM ausencias
2026-09-26 21:44:09 | WARNING  | matinal.database | La tabla consultada no existe en el catálogo de SQLite. Retornando DataFrame vacío para: SELECT * FROM ausencias
2026-09-26 21:45:13 | WARNING  | matinal.database | La tabla consultada no existe en el catálogo de SQLite. Retornando DataFrame vacío para: SELECT * FROM ausencias
2026-09-26 21:45:36 | WARNING  | matinal.database | La tabla consultada no existe en el catálogo de SQLite. Retornando DataFrame vacío para: SELECT * FROM ausencias
2026-09-26 21:45:56 | WARNING  | matinal.database | La tabla consultada no existe en el catálogo de SQLite. Retornando DataFrame vacío para: SELECT * FROM ausencias
2026-09-26 21:45:58 | WARNING  | matinal.database | La tabla consultada no existe en el catálogo de SQLite. Retornando DataFrame vacío para: SELECT * FROM ausencias
2026-09-26 21:46:02 | WARNING  | matinal.database | La tabla consultada no existe en el catálogo de SQLite. Retornando DataFrame vacío para: SELECT * FROM ausencias
2026-09-26 21:47:28 | WARNING  | matinal.database | La tabla consultada no existe en el catálogo de SQLite. Retornando DataFrame vacío para: SELECT * FROM ausencias
2026-09-26 23:39:33 | WARNING  | matinal.database | La tabla consultada no existe en el catálogo de SQLite. Retornando DataFrame vacío para: SELECT * FROM ausencias
2026-09-26 23:40:09 | WARNING  | matinal.database | La tabla consultada no existe en el catálogo de SQLite. Retornando DataFrame vacío para: SELECT * FROM ausencias
2026-09-27 00:17:28 | WARNING  | matinal.database | CARGANDO TABLA: altas
2026-09-27 00:17:29 | WARNING  | matinal.database | CARGANDO TABLA: rutas
2026-09-27 00:17:34 | WARNING  | matinal.database | CARGANDO TABLA: tp
2026-09-27 00:17:34 | WARNING  | matinal.database | DETECTADA CARGA ESPECIAL TP: tp
2026-09-27 00:17:36 | WARNING  | matinal.database | CARGANDO TABLA: universo
2026-09-27 00:17:37 | WARNING  | matinal.database | CARGANDO TABLA: vta
2026-09-27 00:20:07 | INFO     | matinal.database | DataFrame persistido con éxito en la tabla 'ausencias' (modo: replace).
2026-09-27 00:57:20 | INFO     | matinal | === SUBSISTEMA DE LOGGING MATINAL INICIALIZADO CORRECTAMENTE ===
2026-09-27 00:57:38 | INFO     | matinal.database | DataFrame persistido con éxito en la tabla 'ausencias' (modo: replace).
2026-09-28 11:00:48 | INFO     | matinal | === SUBSISTEMA DE LOGGING MATINAL INICIALIZADO CORRECTAMENTE ===
2026-09-28 12:00:54 | INFO     | matinal | === SUBSISTEMA DE LOGGING MATINAL INICIALIZADO CORRECTAMENTE ===
2026-09-28 12:01:16 | INFO     | matinal.database | DataFrame persistido con éxito en la tabla 'ausencias' (modo: replace).
2026-09-28 12:56:38 | WARNING  | matinal.database | CARGANDO TABLA: altas
2026-09-28 12:56:39 | WARNING  | matinal.database | CARGANDO TABLA: rutas
2026-09-28 12:56:50 | WARNING  | matinal.database | CARGANDO TABLA: tp
2026-09-28 12:56:50 | WARNING  | matinal.database | DETECTADA CARGA ESPECIAL TP: tp
2026-09-28 12:56:53 | WARNING  | matinal.database | CARGANDO TABLA: universo
2026-09-28 12:56:55 | WARNING  | matinal.database | CARGANDO TABLA: vta
2026-09-28 13:01:17 | INFO     | matinal.database | DataFrame persistido con éxito en la tabla 'ausencias' (modo: replace).
2026-09-29 12:03:17 | INFO     | matinal | === SUBSISTEMA DE LOGGING MATINAL INICIALIZADO CORRECTAMENTE ===
2026-09-29 12:07:06 | INFO     | matinal | === SUBSISTEMA DE LOGGING MATINAL INICIALIZADO CORRECTAMENTE ===
2026-09-29 12:07:29 | INFO     | matinal.database | DataFrame persistido con éxito en la tabla 'ausencias' (modo: replace).
2026-09-29 12:14:12 | WARNING  | matinal.database | CARGANDO TABLA: altas
2026-09-29 12:14:12 | WARNING  | matinal.database | CARGANDO TABLA: rutas
2026-09-29 12:14:23 | WARNING  | matinal.database | CARGANDO TABLA: tp
2026-09-29 12:14:23 | WARNING  | matinal.database | DETECTADA CARGA ESPECIAL TP: tp
2026-09-29 12:14:26 | WARNING  | matinal.database | CARGANDO TABLA: universo
2026-09-29 12:14:28 | WARNING  | matinal.database | CARGANDO TABLA: vta
2026-09-29 12:17:46 | INFO     | matinal.database | DataFrame persistido con éxito en la tabla 'ausencias' (modo: replace).
2026-09-29 14:05:27 | INFO     | matinal | === SUBSISTEMA DE LOGGING MATINAL INICIALIZADO CORRECTAMENTE ===
2026-09-29 15:02:41 | INFO     | matinal | === SUBSISTEMA DE LOGGING MATINAL INICIALIZADO CORRECTAMENTE ===
2026-09-29 15:03:15 | INFO     | matinal.database | DataFrame persistido con éxito en la tabla 'ausencias' (modo: replace).
2026-09-30 12:34:55 | INFO     | matinal | === SUBSISTEMA DE LOGGING MATINAL INICIALIZADO CORRECTAMENTE ===
2026-09-30 12:35:35 | INFO     | matinal.database | DataFrame persistido con éxito en la tabla 'ausencias' (modo: replace).
2026-09-30 15:06:36 | WARNING  | matinal.database | CARGANDO TABLA: altas
2026-09-30 15:06:36 | WARNING  | matinal.database | CARGANDO TABLA: rutas
2026-09-30 15:06:42 | WARNING  | matinal.database | CARGANDO TABLA: tp
2026-09-30 15:06:42 | WARNING  | matinal.database | DETECTADA CARGA ESPECIAL TP: tp
2026-09-30 15:06:43 | WARNING  | matinal.database | CARGANDO TABLA: universo
2026-09-30 15:06:44 | WARNING  | matinal.database | CARGANDO TABLA: vta
2026-09-30 15:10:09 | INFO     | matinal.database | DataFrame persistido con éxito en la tabla 'ausencias' (modo: replace).
2026-09-30 15:38:32 | INFO     | matinal.database | DataFrame persistido con éxito en la tabla 'ausencias' (modo: replace).
2026-09-30 16:04:45 | INFO     | matinal | === SUBSISTEMA DE LOGGING MATINAL INICIALIZADO CORRECTAMENTE ===
2026-09-30 16:59:32 | INFO     | matinal.database | DataFrame persistido con éxito en la tabla 'ausencias' (modo: replace).
2026-09-30 17:03:23 | INFO     | matinal.database | DataFrame persistido con éxito en la tabla 'ausencias' (modo: replace).
2026-09-30 17:47:06 | INFO     | matinal | === SUBSISTEMA DE LOGGING MATINAL INICIALIZADO CORRECTAMENTE ===
2026-09-30 17:47:25 | INFO     | matinal.database | DataFrame persistido con éxito en la tabla 'ausencias' (modo: replace).
2026-09-30 17:55:05 | INFO     | matinal | === SUBSISTEMA DE LOGGING MATINAL INICIALIZADO CORRECTAMENTE ===
2026-10-01 11:55:41 | INFO     | matinal | === SUBSISTEMA DE LOGGING MATINAL INICIALIZADO CORRECTAMENTE ===
2026-10-01 11:56:06 | INFO     | matinal.database | DataFrame persistido con éxito en la tabla 'ausencias' (modo: replace).
2026-10-01 12:38:46 | WARNING  | matinal.database | CARGANDO TABLA: altas
2026-10-01 12:38:46 | WARNING  | matinal.database | CARGANDO TABLA: rutas
2026-10-01 12:38:57 | WARNING  | matinal.database | CARGANDO TABLA: tp
2026-10-01 12:38:57 | WARNING  | matinal.database | DETECTADA CARGA ESPECIAL TP: tp
2026-10-01 12:38:59 | WARNING  | matinal.database | CARGANDO TABLA: universo
2026-10-01 12:39:01 | WARNING  | matinal.database | CARGANDO TABLA: vta
2026-10-01 12:43:28 | INFO     | matinal.database | DataFrame persistido con éxito en la tabla 'ausencias' (modo: replace).
2026-10-01 13:28:37 | INFO     | matinal | === SUBSISTEMA DE LOGGING MATINAL INICIALIZADO CORRECTAMENTE ===
2026-10-01 13:29:06 | INFO     | matinal.database | DataFrame persistido con éxito en la tabla 'ausencias' (modo: replace).
2026-10-01 15:27:47 | INFO     | matinal | === SUBSISTEMA DE LOGGING MATINAL INICIALIZADO CORRECTAMENTE ===
2026-10-01 15:28:24 | INFO     | matinal.database | DataFrame persistido con éxito en la tabla 'ausencias' (modo: replace).
2026-10-01 17:03:32 | INFO     | matinal | === SUBSISTEMA DE LOGGING MATINAL INICIALIZADO CORRECTAMENTE ===
2026-10-01 17:05:18 | INFO     | matinal.database | DataFrame persistido con éxito en la tabla 'ausencias' (modo: replace).
2026-10-01 17:22:22 | INFO     | matinal | === SUBSISTEMA DE LOGGING MATINAL INICIALIZADO CORRECTAMENTE ===
2026-10-01 17:24:57 | INFO     | matinal | === SUBSISTEMA DE LOGGING MATINAL INICIALIZADO CORRECTAMENTE ===
2026-10-02 09:52:00 | INFO     | matinal | === SUBSISTEMA DE LOGGING MATINAL INICIALIZADO CORRECTAMENTE ===
2026-10-02 09:52:23 | INFO     | matinal.database | DataFrame persistido con éxito en la tabla 'ausencias' (modo: replace).
2026-10-02 12:21:05 | INFO     | matinal | === SUBSISTEMA DE LOGGING MATINAL INICIALIZADO CORRECTAMENTE ===
2026-10-02 12:21:37 | INFO     | matinal.database | DataFrame persistido con éxito en la tabla 'ausencias' (modo: replace).
2026-10-02 12:36:52 | WARNING  | matinal.database | CARGANDO TABLA: altas
2026-10-02 12:36:53 | WARNING  | matinal.database | CARGANDO TABLA: rutas
2026-10-02 12:37:05 | WARNING  | matinal.database | CARGANDO TABLA: tp
2026-10-02 12:37:05 | WARNING  | matinal.database | DETECTADA CARGA ESPECIAL TP: tp
2026-10-02 12:37:08 | WARNING  | matinal.database | CARGANDO TABLA: universo
2026-10-02 12:37:10 | WARNING  | matinal.database | CARGANDO TABLA: vta
2026-10-02 12:41:54 | INFO     | matinal.database | DataFrame persistido con éxito en la tabla 'ausencias' (modo: replace).
2026-10-02 14:19:02 | INFO     | matinal | === SUBSISTEMA DE LOGGING MATINAL INICIALIZADO CORRECTAMENTE ===
2026-10-02 14:19:22 | INFO     | matinal.database | DataFrame persistido con éxito en la tabla 'ausencias' (modo: replace).
2026-10-02 16:51:35 | WARNING  | matinal.database | CARGANDO TABLA: altas[cite: 20]
2026-10-02 16:51:36 | WARNING  | matinal.database | CARGANDO TABLA: rutas[cite: 20]
2026-10-02 16:51:54 | WARNING  | matinal.database | CARGANDO TABLA: tp[cite: 20]
2026-10-02 16:51:54 | WARNING  | matinal.database | DETECTADA CARGA ESPECIAL TP: tp[cite: 20]
2026-10-02 16:51:57 | WARNING  | matinal.database | CARGANDO TABLA: universo[cite: 20]
2026-10-02 16:51:58 | INFO     | matinal.database | Nuevo snapshot histórico del universo guardado en 'universo_hist' (detectados cambios en el contenido)[cite: 20].
2026-10-02 16:51:58 | WARNING  | matinal.database | CARGANDO TABLA: vta[cite: 20]
2026-10-02 16:57:31 | INFO     | matinal.database | DataFrame persistido con éxito en la tabla 'ausencias' (modo: replace)[cite: 20].
2026-10-02 17:19:55 | WARNING  | matinal.database | CARGANDO TABLA: altas[cite: 20]
2026-10-02 17:19:56 | WARNING  | matinal.database | CARGANDO TABLA: rutas[cite: 20]
2026-10-02 17:20:04 | WARNING  | matinal.database | CARGANDO TABLA: tp[cite: 20]
2026-10-02 17:20:04 | WARNING  | matinal.database | DETECTADA CARGA ESPECIAL TP: tp[cite: 20]
2026-10-02 17:20:05 | WARNING  | matinal.database | CARGANDO TABLA: universo[cite: 20]
2026-10-02 17:20:07 | INFO     | matinal.database | Nuevo snapshot histórico del universo guardado en 'universo_hist' (detectados cambios en el contenido)[cite: 20].
2026-10-02 17:20:07 | INFO     | matinal.database | UNIVERSO_VERSIONES: versión registrada correctamente
2026-10-02 17:20:07 | WARNING  | matinal.database | CARGANDO TABLA: vta[cite: 20]
2026-10-02 17:24:25 | INFO     | matinal.database | DataFrame persistido con éxito en la tabla 'ausencias' (modo: replace)[cite: 20].
2026-10-03 16:08:30 | INFO     | matinal | === SUBSISTEMA DE LOGGING MATINAL INICIALIZADO CORRECTAMENTE ===
2026-10-03 16:09:38 | INFO     | matinal | === SUBSISTEMA DE LOGGING MATINAL INICIALIZADO CORRECTAMENTE ===
2026-10-03 16:28:50 | INFO     | matinal | === SUBSISTEMA DE LOGGING MATINAL INICIALIZADO CORRECTAMENTE ===
2026-10-03 16:29:00 | INFO     | matinal | === SUBSISTEMA DE LOGGING MATINAL INICIALIZADO CORRECTAMENTE ===
2026-10-03 16:29:29 | INFO     | matinal | === SUBSISTEMA DE LOGGING MATINAL INICIALIZADO CORRECTAMENTE ===
2026-10-03 16:29:39 | INFO     | matinal | === SUBSISTEMA DE LOGGING MATINAL INICIALIZADO CORRECTAMENTE ===
2026-10-03 16:30:25 | INFO     | matinal | === SUBSISTEMA DE LOGGING MATINAL INICIALIZADO CORRECTAMENTE ===
2026-10-03 16:31:08 | INFO     | matinal | === SUBSISTEMA DE LOGGING MATINAL INICIALIZADO CORRECTAMENTE ===
2026-10-03 16:31:33 | INFO     | matinal | === SUBSISTEMA DE LOGGING MATINAL INICIALIZADO CORRECTAMENTE ===
2026-10-03 16:32:16 | INFO     | matinal | === SUBSISTEMA DE LOGGING MATINAL INICIALIZADO CORRECTAMENTE ===
2026-10-03 16:38:09 | INFO     | matinal | === SUBSISTEMA DE LOGGING MATINAL INICIALIZADO CORRECTAMENTE ===
2026-10-03 16:39:27 | INFO     | matinal | === SUBSISTEMA DE LOGGING MATINAL INICIALIZADO CORRECTAMENTE ===
2026-10-03 16:40:16 | INFO     | matinal | === SUBSISTEMA DE LOGGING MATINAL INICIALIZADO CORRECTAMENTE ===
2026-10-03 17:01:47 | INFO     | matinal | === SUBSISTEMA DE LOGGING MATINAL INICIALIZADO CORRECTAMENTE ===
2026-10-03 17:01:59 | INFO     | matinal | === SUBSISTEMA DE LOGGING MATINAL INICIALIZADO CORRECTAMENTE ===
2026-10-03 17:02:25 | INFO     | matinal | === SUBSISTEMA DE LOGGING MATINAL INICIALIZADO CORRECTAMENTE ===
2026-10-03 17:02:50 | INFO     | matinal | === SUBSISTEMA DE LOGGING MATINAL INICIALIZADO CORRECTAMENTE ===
2026-10-03 17:03:18 | INFO     | matinal | === SUBSISTEMA DE LOGGING MATINAL INICIALIZADO CORRECTAMENTE ===
2026-10-03 17:03:47 | INFO     | matinal | === SUBSISTEMA DE LOGGING MATINAL INICIALIZADO CORRECTAMENTE ===
2026-10-03 17:05:00 | INFO     | matinal | === SUBSISTEMA DE LOGGING MATINAL INICIALIZADO CORRECTAMENTE ===
2026-10-03 17:07:12 | INFO     | matinal | === SUBSISTEMA DE LOGGING MATINAL INICIALIZADO CORRECTAMENTE ===
2026-10-03 17:08:55 | INFO     | matinal | === SUBSISTEMA DE LOGGING MATINAL INICIALIZADO CORRECTAMENTE ===
2026-10-03 17:09:21 | INFO     | matinal | === SUBSISTEMA DE LOGGING MATINAL INICIALIZADO CORRECTAMENTE ===
2026-10-03 17:13:33 | INFO     | matinal | === SUBSISTEMA DE LOGGING MATINAL INICIALIZADO CORRECTAMENTE ===
2026-10-03 17:14:50 | INFO     | matinal | === SUBSISTEMA DE LOGGING MATINAL INICIALIZADO CORRECTAMENTE ===
2026-10-03 17:15:17 | INFO     | matinal | === SUBSISTEMA DE LOGGING MATINAL INICIALIZADO CORRECTAMENTE ===
2026-10-03 17:19:16 | INFO     | matinal | === SUBSISTEMA DE LOGGING MATINAL INICIALIZADO CORRECTAMENTE ===
2026-10-03 17:19:46 | INFO     | matinal | === SUBSISTEMA DE LOGGING MATINAL INICIALIZADO CORRECTAMENTE ===
2026-10-03 17:19:46 | ERROR    | matinal.database | Error al ejecutar la consulta SQL: SELECT Codigo, SegmentoClienteCodigo, codven FROM universo LIMIT 50. Retornando DataFrame vacío por seguridad[cite: 20].
Traceback (most recent call last):
  File "C:\Python314\Lib\site-packages\pandas\io\sql.py", line 2745, in execute
    cur.execute(sql, *args)
    ~~~~~~~~~~~^^^^^^^^^^^^
sqlite3.OperationalError: no such column: SegmentoClienteCodigo

The above exception was the direct cause of the following exception:

Traceback (most recent call last):
  File "C:\Proyectos\MATINAL ONLINE\modules\database.py", line 68, in cargar_tabla_sql
    df = pd.read_sql(query, conn)
  File "C:\Python314\Lib\site-packages\pandas\io\sql.py", line 702, in read_sql
    return pandas_sql.read_query(
           ~~~~~~~~~~~~~~~~~~~~~^
        sql,
        ^^^^
    ...<6 lines>...
        dtype=dtype,
        ^^^^^^^^^^^^
    )
    ^
  File "C:\Python314\Lib\site-packages\pandas\io\sql.py", line 2809, in read_query
    cursor = self.execute(sql, params)
  File "C:\Python314\Lib\site-packages\pandas\io\sql.py", line 2757, in execute
    raise ex from exc
pandas.errors.DatabaseError: Execution failed on sql 'SELECT Codigo, SegmentoClienteCodigo, codven FROM universo LIMIT 50': no such column: SegmentoClienteCodigo
2026-10-03 17:33:59 | INFO     | matinal | === SUBSISTEMA DE LOGGING MATINAL INICIALIZADO CORRECTAMENTE ===
2026-10-03 17:40:30 | INFO     | matinal | === SUBSISTEMA DE LOGGING MATINAL INICIALIZADO CORRECTAMENTE ===
2026-10-03 17:40:39 | INFO     | matinal | === SUBSISTEMA DE LOGGING MATINAL INICIALIZADO CORRECTAMENTE ===
2026-10-03 17:41:01 | INFO     | matinal | === SUBSISTEMA DE LOGGING MATINAL INICIALIZADO CORRECTAMENTE ===
2026-10-03 17:41:26 | INFO     | matinal | === SUBSISTEMA DE LOGGING MATINAL INICIALIZADO CORRECTAMENTE ===
2026-10-03 17:41:51 | INFO     | matinal | === SUBSISTEMA DE LOGGING MATINAL INICIALIZADO CORRECTAMENTE ===
2026-10-03 19:54:25 | INFO     | matinal | === SUBSISTEMA DE LOGGING MATINAL INICIALIZADO CORRECTAMENTE ===
2026-10-03 19:54:56 | INFO     | matinal | === SUBSISTEMA DE LOGGING MATINAL INICIALIZADO CORRECTAMENTE ===
2026-10-04 08:55:59 | INFO     | matinal | === SUBSISTEMA DE LOGGING MATINAL INICIALIZADO CORRECTAMENTE ===
2026-10-04 08:56:21 | INFO     | matinal.database | DataFrame persistido con éxito en la tabla 'ausencias' (modo: replace)[cite: 20].
2026-10-04 10:02:50 | WARNING  | matinal.database | CARGANDO TABLA: altas[cite: 20]
2026-10-04 10:02:51 | WARNING  | matinal.database | CARGANDO TABLA: rutas[cite: 20]
2026-10-04 10:03:13 | WARNING  | matinal.database | CARGANDO TABLA: tp[cite: 20]
2026-10-04 10:03:13 | WARNING  | matinal.database | DETECTADA CARGA ESPECIAL TP: tp[cite: 20]
2026-10-04 10:03:19 | WARNING  | matinal.database | CARGANDO TABLA: universo[cite: 20]
2026-10-04 10:42:02 | WARNING  | matinal.database | CARGANDO TABLA: altas
2026-10-04 10:42:03 | WARNING  | matinal.database | CARGANDO TABLA: rutas
2026-10-04 10:42:09 | WARNING  | matinal.database | CARGANDO TABLA: tp
2026-10-04 10:42:09 | WARNING  | matinal.database | DETECTADA CARGA ESPECIAL TP: tp
2026-10-04 10:42:11 | WARNING  | matinal.database | CARGANDO TABLA: universo
2026-10-04 10:42:12 | WARNING  | matinal.database | Incompatibilidad de esquema detectada en 'universo_hist'. Recreando tabla histórica.
2026-10-04 10:42:12 | INFO     | matinal.database | Nuevo snapshot histórico del universo guardado en 'universo_hist' (detectados cambios en el contenido).
2026-10-04 10:42:12 | INFO     | matinal.database | UNIVERSO_VERSIONES: versión registrada correctamente
2026-10-04 10:42:12 | WARNING  | matinal.database | CARGANDO TABLA: vta
2026-10-04 10:45:42 | INFO     | matinal.database | DataFrame persistido con éxito en la tabla 'ausencias' (modo: replace).
2026-10-05 12:03:19 | INFO     | matinal | === SUBSISTEMA DE LOGGING MATINAL INICIALIZADO CORRECTAMENTE ===
2026-10-05 12:03:43 | INFO     | matinal.database | DataFrame persistido con éxito en la tabla 'ausencias' (modo: replace).
2026-10-05 12:12:12 | WARNING  | matinal.database | CARGANDO TABLA: altas
2026-10-05 12:12:12 | WARNING  | matinal.database | CARGANDO TABLA: rutas
2026-10-05 12:12:18 | WARNING  | matinal.database | CARGANDO TABLA: tp
2026-10-05 12:12:18 | WARNING  | matinal.database | DETECTADA CARGA ESPECIAL TP: tp
2026-10-05 12:12:19 | WARNING  | matinal.database | CARGANDO TABLA: universo
2026-10-05 12:12:19 | INFO     | matinal.database | Nuevo snapshot histórico del universo guardado en 'universo_hist' (detectados cambios en el contenido).
2026-10-05 12:12:19 | INFO     | matinal.database | UNIVERSO_VERSIONES: versión registrada correctamente
2026-10-05 12:12:19 | WARNING  | matinal.database | CARGANDO TABLA: vta
2026-10-05 12:15:55 | INFO     | matinal.database | DataFrame persistido con éxito en la tabla 'ausencias' (modo: replace).
2026-10-05 12:54:31 | INFO     | matinal | === SUBSISTEMA DE LOGGING MATINAL INICIALIZADO CORRECTAMENTE ===
2026-10-05 14:21:45 | INFO     | matinal | === SUBSISTEMA DE LOGGING MATINAL INICIALIZADO CORRECTAMENTE ===
2026-10-05 14:35:23 | INFO     | matinal | === SUBSISTEMA DE LOGGING MATINAL INICIALIZADO CORRECTAMENTE ===
2026-10-05 16:19:31 | INFO     | matinal | === SUBSISTEMA DE LOGGING MATINAL INICIALIZADO CORRECTAMENTE ===
2026-10-05 16:45:34 | INFO     | matinal | === SUBSISTEMA DE LOGGING MATINAL INICIALIZADO CORRECTAMENTE ===
2026-10-05 16:54:39 | INFO     | matinal | === SUBSISTEMA DE LOGGING MATINAL INICIALIZADO CORRECTAMENTE ===
2026-10-05 16:54:59 | INFO     | matinal.database | DataFrame persistido con éxito en la tabla 'ausencias' (modo: replace).
2026-10-05 17:05:08 | INFO     | matinal | === SUBSISTEMA DE LOGGING MATINAL INICIALIZADO CORRECTAMENTE ===
2026-10-06 12:11:37 | INFO     | matinal | === SUBSISTEMA DE LOGGING MATINAL INICIALIZADO CORRECTAMENTE ===
2026-10-06 12:11:58 | INFO     | matinal.database | DataFrame persistido con éxito en la tabla 'ausencias' (modo: replace).
2026-10-06 12:18:23 | WARNING  | matinal.database | CARGANDO TABLA: altas
2026-10-06 12:18:23 | WARNING  | matinal.database | CARGANDO TABLA: rutas
2026-10-06 12:18:29 | WARNING  | matinal.database | CARGANDO TABLA: tp
2026-10-06 12:18:29 | WARNING  | matinal.database | DETECTADA CARGA ESPECIAL TP: tp
2026-10-06 12:18:30 | WARNING  | matinal.database | CARGANDO TABLA: universo
2026-10-06 12:18:31 | INFO     | matinal.database | Nuevo snapshot histórico del universo guardado en 'universo_hist' (detectados cambios en el contenido).
2026-10-06 12:18:31 | INFO     | matinal.database | UNIVERSO_VERSIONES: versión registrada correctamente
2026-10-06 12:18:31 | WARNING  | matinal.database | CARGANDO TABLA: vta
2026-10-06 12:20:35 | INFO     | matinal.database | DataFrame persistido con éxito en la tabla 'ausencias' (modo: replace).
2026-10-06 12:34:44 | INFO     | matinal | === SUBSISTEMA DE LOGGING MATINAL INICIALIZADO CORRECTAMENTE ===
2026-10-06 12:37:08 | INFO     | matinal | === SUBSISTEMA DE LOGGING MATINAL INICIALIZADO CORRECTAMENTE ===
2026-10-06 12:39:22 | INFO     | matinal | === SUBSISTEMA DE LOGGING MATINAL INICIALIZADO CORRECTAMENTE ===
2026-10-06 13:02:06 | INFO     | matinal | === SUBSISTEMA DE LOGGING MATINAL INICIALIZADO CORRECTAMENTE ===
2026-10-06 13:52:53 | INFO     | matinal | === SUBSISTEMA DE LOGGING MATINAL INICIALIZADO CORRECTAMENTE ===
2026-10-06 15:15:07 | INFO     | matinal | === SUBSISTEMA DE LOGGING MATINAL INICIALIZADO CORRECTAMENTE ===
2026-10-06 15:41:49 | INFO     | matinal | === SUBSISTEMA DE LOGGING MATINAL INICIALIZADO CORRECTAMENTE ===
2026-10-07 10:21:14 | INFO     | matinal.database | DataFrame persistido con éxito en la tabla 'ausencias' (modo: replace).
2026-10-07 13:12:57 | INFO     | matinal | === SUBSISTEMA DE LOGGING MATINAL INICIALIZADO CORRECTAMENTE ===
2026-10-07 13:13:27 | INFO     | matinal.database | DataFrame persistido con éxito en la tabla 'ausencias' (modo: replace).
2026-10-07 13:56:17 | INFO     | matinal | === SUBSISTEMA DE LOGGING MATINAL INICIALIZADO CORRECTAMENTE ===
2026-10-07 14:40:06 | INFO     | matinal | === SUBSISTEMA DE LOGGING MATINAL INICIALIZADO CORRECTAMENTE ===
2026-10-07 15:17:23 | INFO     | matinal | === SUBSISTEMA DE LOGGING MATINAL INICIALIZADO CORRECTAMENTE ===
2026-10-07 15:22:12 | INFO     | matinal | === SUBSISTEMA DE LOGGING MATINAL INICIALIZADO CORRECTAMENTE ===
2026-10-07 15:53:08 | INFO     | matinal | === SUBSISTEMA DE LOGGING MATINAL INICIALIZADO CORRECTAMENTE ===
2026-10-07 21:07:06 | INFO     | matinal | === SUBSISTEMA DE LOGGING MATINAL INICIALIZADO CORRECTAMENTE ===
2026-10-07 21:07:42 | INFO     | matinal.database | DataFrame persistido con éxito en la tabla 'ausencias' (modo: replace).
